header {
    Class:      ELFCLASS64
    Data:       ELFDATA2LSB
    OSABI:      ELFOSABI_SYSV
    ABIVersion: 0
    Type:       ET_REL
    Machine:    EM_AARCH64
    Entry:      0x0000000000000000
    Flags:      0x00000000
}
section 1 ".text" {
    Type:      SHT_PROGBITS
    Flags:     [SHF_ALLOC,SHF_EXECINSTR]
    Addr:      0x0000000000000000
    AddrAlign: 0x0000000000000008
    EntSize:   0x0000000000000000
    Info:      0x00000000
    Link:      0x00000000
    Data:      01 ef cd ab 02 ef cd ab 03 ef cd ab a5 61 73 63 # .............asc
               69 69 7a 00 61 73 63 69 69 00 00 00 04 ef cd ab # iiz.ascii.......
               05 ef cd ab 06 ef cd ab 16 ff a5 00 17 ff 00 00 # ................
               32 dd ee ff 00 00 00 00 64 99 aa bb cc dd ee ff # 2.......d.......
               a5 00 00 00 07 ef cd ab a5                      # .........
}
string table section 2 ".shstrtab"
section 3 ".bss" {
    Type:      SHT_NOBITS
    Flags:     [SHF_WRITE,SHF_ALLOC]
    Addr:      0x0000000000000000
    AddrAlign: 0x0000000000000001
    EntSize:   0x0000000000000000
    Info:      0x00000000
    Link:      0x00000000
    Data:      
}
symbol table section 5 ".symtab" {
    Type:      SHT_SYMTAB
    Flags:     []
    Addr:      0x0000000000000000
    AddrAlign: 0x0000000000000008
    EntSize:   0x0000000000000018
    Info:      0x0000000c
    Link:      0x00000004
    Data:      
        symbol "" {
            Bind:  STB_Local
            Type:  STT_NoType
            ShNdx: SHN_Undef
            Value: 0x0000000000000000
            Size:  0x0000000000000000
        }
        symbol "$bss@0" {
            Bind:  STB_Local
            Type:  STT_Object
            ShNdx: SHN_EXT 3
            Value: 0x0000000000000000
            Size:  0x000000000000000a
        }
        symbol "$20" {
            Bind:  STB_Local
            Type:  STT_NoType
            ShNdx: SHN_EXT 1
            Value: 0x0000000000000014
            Size:  0x0000000000000000
        }
        symbol "$13" {
            Bind:  STB_Local
            Type:  STT_NoType
            ShNdx: SHN_EXT 1
            Value: 0x000000000000000d
            Size:  0x0000000000000000
        }
        symbol "$12" {
            Bind:  STB_Local
            Type:  STT_NoType
            ShNdx: SHN_EXT 1
            Value: 0x000000000000000c
            Size:  0x0000000000000000
        }
        symbol "$64" {
            Bind:  STB_Local
            Type:  STT_NoType
            ShNdx: SHN_EXT 1
            Value: 0x0000000000000040
            Size:  0x0000000000000000
        }
        symbol "$56" {
            Bind:  STB_Local
            Type:  STT_NoType
            ShNdx: SHN_EXT 1
            Value: 0x0000000000000038
            Size:  0x0000000000000000
        }
        symbol "$48" {
            Bind:  STB_Local
            Type:  STT_NoType
            ShNdx: SHN_EXT 1
            Value: 0x0000000000000030
            Size:  0x0000000000000000
        }
        symbol "$44" {
            Bind:  STB_Local
            Type:  STT_NoType
            ShNdx: SHN_EXT 1
            Value: 0x000000000000002c
            Size:  0x0000000000000000
        }
        symbol "$42" {
            Bind:  STB_Local
            Type:  STT_NoType
            ShNdx: SHN_EXT 1
            Value: 0x000000000000002a
            Size:  0x0000000000000000
        }
        symbol "$40" {
            Bind:  STB_Local
            Type:  STT_NoType
            ShNdx: SHN_EXT 1
            Value: 0x0000000000000028
            Size:  0x0000000000000000
        }
        symbol "$72" {
            Bind:  STB_Local
            Type:  STT_NoType
            ShNdx: SHN_EXT 1
            Value: 0x0000000000000048
            Size:  0x0000000000000000
        }
        symbol "_start" {
            Bind:  STB_Global
            Type:  STT_NoType
            ShNdx: SHN_EXT 1
            Value: 0x0000000000000000
            Size:  0x0000000000000000
        }
}
section 4 ".strtab" {
    Type:      SHT_STRTAB
    Flags:     []
    Addr:      0x0000000000000000
    AddrAlign: 0x0000000000000001
    EntSize:   0x0000000000000000
    Info:      0x00000000
    Link:      0x00000000
    Data:      00 5f 73 74 61 72 74 00 24 62 73 73 40 30 00 24 # ._start.$bss@0.$
               37 32 00 24 34 30 00 24 34 32 00 24 34 34 00 24 # 72.$40.$42.$44.$
               34 38 00 24 35 36 00 24 36 34 00 24 31 32 00 24 # 48.$56.$64.$12.$
               31 33 00 24 32 30 00                            # 13.$20.
}
section table
