header {
    Class:      ELFCLASS64
    Data:       ELFDATA2LSB
    OSABI:      ELFOSABI_SYSV
    ABIVersion: 0
    Type:       ET_REL
    Machine:    EM_AARCH64
    Entry:      0x0000000000000000
    Flags:      0x00000000
}
section 1 ".text" {
    Type:      SHT_PROGBITS
    Flags:     [SHF_ALLOC,SHF_EXECINSTR]
    Addr:      0x0000000000000000
    AddrAlign: 0x0000000000000008
    EntSize:   0x0000000000000000
    Info:      0x00000000
    Link:      0x00000000
    Data:      20 00 80 d2 61 01 00 10 62 00 80 d2 03 00 00 14 #  ...a...b.......
               e1 00 00 10 82 00 80 d2 08 08 80 d2 01 00 00 d4 # ................
               00 00 80 d2 a8 0b 80 d2 01 00 00 d4 62 61 64 0a # ............bad.
               6f 6b 0a                                        # ok.
}
string table section 2 ".shstrtab"
symbol table section 3 ".symtab" {
    Type:      SHT_SYMTAB
    Flags:     []
    Addr:      0x0000000000000000
    AddrAlign: 0x0000000000000008
    EntSize:   0x0000000000000018
    Info:      0x00000004
    Link:      0x00000004
    Data:      
        symbol "" {
            Bind:  STB_Local
            Type:  STT_NoType
            ShNdx: SHN_Undef
            Value: 0x0000000000000000
            Size:  0x0000000000000000
        }
        symbol "$text@48" {
            Bind:  STB_Local
            Type:  STT_NoType
            ShNdx: SHN_EXT 1
            Value: 0x0000000000000030
            Size:  0x0000000000000000
        }
        symbol "$text@44" {
            Bind:  STB_Local
            Type:  STT_NoType
            ShNdx: SHN_EXT 1
            Value: 0x000000000000002c
            Size:  0x0000000000000000
        }
        symbol "$text@24" {
            Bind:  STB_Local
            Type:  STT_NoType
            ShNdx: SHN_EXT 1
            Value: 0x0000000000000018
            Size:  0x0000000000000000
        }
        symbol "_start" {
            Bind:  STB_Global
            Type:  STT_NoType
            ShNdx: SHN_EXT 1
            Value: 0x0000000000000000
            Size:  0x0000000000000000
        }
}
section 4 ".strtab" {
    Type:      SHT_STRTAB
    Flags:     []
    Addr:      0x0000000000000000
    AddrAlign: 0x0000000000000001
    EntSize:   0x0000000000000000
    Info:      0x00000000
    Link:      0x00000000
    Data:      00 24 74 65 78 74 40 32 34 00 24 74 65 78 74 40 # .$text@24.$text@
               34 34 00 24 74 65 78 74 40 34 38 00 5f 73 74 61 # 44.$text@48._sta
               72 74 00                                        # rt.
}
section table
