header {
    Class:      ELFCLASS64
    Data:       ELFDATA2LSB
    OSABI:      ELFOSABI_SYSV
    ABIVersion: 0
    Type:       ET_REL
    Machine:    EM_AARCH64
    Entry:      0x0000000000000000
    Flags:      0x00000000
}
section 1 ".text" {
    Type:      SHT_PROGBITS
    Flags:     [SHF_ALLOC,SHF_EXECINSTR]
    Addr:      0x0000000000000000
    AddrAlign: 0x0000000000000008
    EntSize:   0x0000000000000000
    Info:      0x00000000
    Link:      0x00000000
    Data:      fd 7b be a9 22 02 80 52 00 00 80 52 fd 03 00 91 # .{.."..R...R....
               f3 0b 00 f9 00 00 00 00 73 02 00 91 e1 03 13 aa # ........s.......
               30 00 00 94 61 52 00 91 e0 03 13 aa 2d 00 00 94 # 0...aR......-...
               61 62 00 91 60 26 00 91 2a 00 00 94 62 82 42 29 # ab..`&..*...b.B)
               e1 03 13 aa 40 00 00 0b 0e 00 00 94 e1 03 13 aa # ....@...........
               02 01 80 52 20 00 80 52 0a 00 00 94 00 00 80 52 # ...R ..R.......R
               f3 0b 40 f9 fd 7b c2 a8 c0 03 5f d6 ff ff ff ff # ..@..{...._.....
               11 11 11 11 11 11 11 11 11 11 11 11 11 11 11 11 # ................
               fd 7b bd a9 fd 03 00 91 f3 53 01 a9 f4 03 01 aa # .{.......S......
               93 03 80 52 f5 13 00 f9 f5 03 00 2a 1f 20 03 d5 # ...R.......*. ..
               a0 26 d3 1a 00 0c 00 12 34 00 00 94 80 16 00 38 # .&......4......8
               73 12 00 51 7f 12 00 31 41 ff ff 54 f3 53 41 a9 # s..Q...1A..T.SA.
               f5 13 40 f9 fd 7b c3 a8 c0 03 5f d6 ff ff ff ff # ..@..{...._.....
               11 11 11 11 11 11 11 11 11 11 11 11 11 11 11 11 # ................
               fd 7b bd a9 02 00 80 52 fd 03 00 91 f3 53 01 a9 # .{.....R.....S..
               f4 03 00 aa f5 5b 02 a9 f6 03 01 aa 15 20 00 91 # .....[....... ..
               80 16 40 38 53 6c 1c 53 0e 00 00 94 62 02 00 0b # ..@8Sl.S....b...
               9f 02 15 eb 61 ff ff 54 f3 53 41 a9 c2 02 00 b9 # ....a..T.SA.....
               f5 5b 42 a9 fd 7b c3 a8 c0 03 5f d6 1f 20 03 d5 # .[B..{...._.. ..
               11 11 11 11 11 11 11 11 11 11 11 11 11 11 11 11 # ................
               00 1c 00 12 01 84 01 51 21 1c 00 12 3f 14 00 71 # .......Q!...?..q
               09 01 00 54 01 04 01 51 02 dc 00 51 21 1c 00 12 # ...T...Q...Q!...
               00 c0 00 51 3f 14 00 71 00 80 82 1a c0 03 5f d6 # ...Q?..q......_.
               00 5c 01 51 c0 03 5f d6 01 1c 00 12 1f 24 00 71 # .\.Q.._......$.q
               20 c0 00 11 21 5c 01 11 21 1c 00 12 00 1c 00 12 #  ...!\..!.......
               20 80 80 1a c0 03 5f d6 00 00 80 d2 a8 0b 80 d2 #  ....._.........
               01 00 00 d4                                     # ....
}
string table section 2 ".shstrtab"
symbol table section 4 ".symtab" {
    Type:      SHT_SYMTAB
    Flags:     []
    Addr:      0x0000000000000000
    AddrAlign: 0x0000000000000008
    EntSize:   0x0000000000000018
    Info:      0x00000008
    Link:      0x00000003
    Data:      
        symbol "" {
            Bind:  STB_Local
            Type:  STT_NoType
            ShNdx: SHN_Undef
            Value: 0x0000000000000000
            Size:  0x0000000000000000
        }
        symbol "$text@128" {
            Bind:  STB_Local
            Type:  STT_NoType
            ShNdx: SHN_EXT 1
            Value: 0x0000000000000080
            Size:  0x0000000000000000
        }
        symbol "$text@160" {
            Bind:  STB_Local
            Type:  STT_NoType
            ShNdx: SHN_EXT 1
            Value: 0x00000000000000a0
            Size:  0x0000000000000000
        }
        symbol "$text@224" {
            Bind:  STB_Local
            Type:  STT_NoType
            ShNdx: SHN_EXT 1
            Value: 0x00000000000000e0
            Size:  0x0000000000000000
        }
        symbol "$text@256" {
            Bind:  STB_Local
            Type:  STT_NoType
            ShNdx: SHN_EXT 1
            Value: 0x0000000000000100
            Size:  0x0000000000000000
        }
        symbol "$text@320" {
            Bind:  STB_Local
            Type:  STT_NoType
            ShNdx: SHN_EXT 1
            Value: 0x0000000000000140
            Size:  0x0000000000000000
        }
        symbol "$text@368" {
            Bind:  STB_Local
            Type:  STT_NoType
            ShNdx: SHN_EXT 1
            Value: 0x0000000000000170
            Size:  0x0000000000000000
        }
        symbol "$text@376" {
            Bind:  STB_Local
            Type:  STT_NoType
            ShNdx: SHN_EXT 1
            Value: 0x0000000000000178
            Size:  0x0000000000000000
        }
        symbol "_start" {
            Bind:  STB_Global
            Type:  STT_NoType
            ShNdx: SHN_EXT 1
            Value: 0x0000000000000198
            Size:  0x0000000000000000
        }
}
section 3 ".strtab" {
    Type:      SHT_STRTAB
    Flags:     []
    Addr:      0x0000000000000000
    AddrAlign: 0x0000000000000001
    EntSize:   0x0000000000000000
    Info:      0x00000000
    Link:      0x00000000
    Data:      00 24 74 65 78 74 40 33 37 36 00 24 74 65 78 74 # .$text@376.$text
               40 33 36 38 00 24 74 65 78 74 40 33 32 30 00 24 # @368.$text@320.$
               74 65 78 74 40 32 35 36 00 24 74 65 78 74 40 32 # text@256.$text@2
               32 34 00 24 74 65 78 74 40 31 36 30 00 24 74 65 # 24.$text@160.$te
               78 74 40 31 32 38 00 5f 73 74 61 72 74 00       # xt@128._start.
}
section table
